MEMBER 0
ABSENT
ABSENT
ABSENT
ABSENT
ABSENT
ABSENT
ABSENT
ABSENT
ABSENT
ABSENT
ABSENT
ABSENT
ABSENT
ABSENT
ABSENT
ABSENT
ABSENT
ABSENT
ABSENT
ABSENT
ABSENT
ABSENT
ABSENT
ABSENT
ABSENT
ABSENT
ABSENT
ABSENT
ABSENT
ABSENT
ABSENT
ABSENT
ABSENT
ABSENT
ABSENT
ABSENT
ABSENT
ABSENT
ABSENT
ABSENT
ABSENT
ABSENT
ABSENT
ABSENT
ABSENT
ABSENT
ABSENT
ABSENT
ABSENT
ABSENT
ABSENT
ABSENT
ABSENT
ABSENT
ABSENT
ABSENT
ABSENT
ABSENT
ABSENT
ABSENT
ABSENT
ABSENT
ABSENT
ABSENT
ABSENT
ABSENT
ABSENT
ABSENT
ABSENT
ABSENT
ABSENT
ABSENT
