MEMBER 0
MEMBER 1
MEMBER 2
MEMBER 3
MEMBER 4
MEMBER 5
MEMBER 6
MEMBER 7
MEMBER 8
MEMBER 9
MEMBER 10
MEMBER 11
MEMBER 12
MEMBER 13
MEMBER 14
MEMBER 15
MEMBER 16
MEMBER 17
MEMBER 18
MEMBER 19
MEMBER 20
MEMBER 21
MEMBER 22
MEMBER 23
MEMBER 24
MEMBER 25
MEMBER 26
MEMBER 27
MEMBER 28
MEMBER 29
MEMBER 30
MEMBER 31
MEMBER 32
MEMBER 33
MEMBER 34
MEMBER 35
MEMBER 36
MEMBER 37
MEMBER 38
MEMBER 39
MEMBER 40
MEMBER 41
MEMBER 42
MEMBER 43
MEMBER 44
MEMBER 45
MEMBER 46
MEMBER 47
MEMBER 48
MEMBER 49
MEMBER 50
MEMBER 51
MEMBER 52
MEMBER 53
MEMBER 54
MEMBER 55
MEMBER 56
MEMBER 57
MEMBER 58
MEMBER 59
MEMBER 60
MEMBER 61
MEMBER 62
MEMBER 63
MEMBER 64
MEMBER 65
MEMBER 66
MEMBER 67
MEMBER 68
MEMBER 69
MEMBER 70
MEMBER 71
MEMBER 72
MEMBER 73
MEMBER 74
MEMBER 75
MEMBER 76
MEMBER 77
MEMBER 78
MEMBER 79
MEMBER 80
MEMBER 81
MEMBER 82
MEMBER 83
MEMBER 84
MEMBER 85
MEMBER 86
MEMBER 87
MEMBER 88
MEMBER 89
MEMBER 90
MEMBER 91
MEMBER 92
MEMBER 93
MEMBER 94
MEMBER 95
MEMBER 96
MEMBER 97
MEMBER 98
MEMBER 99
MEMBER 100
MEMBER 101
MEMBER 102
MEMBER 103
MEMBER 104
MEMBER 105
MEMBER 106
MEMBER 107
MEMBER 108
MEMBER 109
MEMBER 110
MEMBER 111
MEMBER 112
MEMBER 113
MEMBER 114
MEMBER 115
MEMBER 116
MEMBER 117
MEMBER 118
MEMBER 119
MEMBER 120
MEMBER 121
MEMBER 122
MEMBER 123
MEMBER 124
MEMBER 125
MEMBER 126
MEMBER 127
MEMBER 128
MEMBER 129
MEMBER 130
MEMBER 131
MEMBER 132
MEMBER 133
MEMBER 134
MEMBER 135
MEMBER 136
MEMBER 137
MEMBER 138
MEMBER 139
MEMBER 140
MEMBER 141
MEMBER 142
MEMBER 143
MEMBER 144
MEMBER 145
MEMBER 146
MEMBER 147
MEMBER 148
MEMBER 149
MEMBER 150
MEMBER 151
MEMBER 152
MEMBER 153
MEMBER 154
MEMBER 155
MEMBER 156
MEMBER 157
MEMBER 158
MEMBER 159
MEMBER 160
MEMBER 161
MEMBER 162
MEMBER 163
MEMBER 164
MEMBER 165
MEMBER 166
MEMBER 167
MEMBER 168
MEMBER 169
MEMBER 170
MEMBER 171
MEMBER 172
MEMBER 173
MEMBER 174
MEMBER 175
MEMBER 176
MEMBER 177
MEMBER 178
MEMBER 179
MEMBER 180
MEMBER 181
MEMBER 182
MEMBER 183
MEMBER 184
MEMBER 185
MEMBER 186
MEMBER 187
MEMBER 188
MEMBER 189
MEMBER 190
MEMBER 191
MEMBER 192
MEMBER 193
MEMBER 194
MEMBER 195
MEMBER 196
MEMBER 197
MEMBER 198
MEMBER 199
MEMBER 200
MEMBER 201
MEMBER 202
MEMBER 203
MEMBER 204
MEMBER 205
MEMBER 206
MEMBER 207
MEMBER 208
MEMBER 209
MEMBER 210
MEMBER 211
MEMBER 212
MEMBER 213
MEMBER 214
MEMBER 215
MEMBER 216
MEMBER 217
MEMBER 218
MEMBER 219
MEMBER 220
MEMBER 221
MEMBER 222
MEMBER 223
MEMBER 224
MEMBER 225
MEMBER 226
MEMBER 227
MEMBER 228
MEMBER 229
MEMBER 230
MEMBER 231
MEMBER 232
MEMBER 233
MEMBER 234
MEMBER 235
MEMBER 236
MEMBER 237
MEMBER 238
MEMBER 239
MEMBER 240
MEMBER 241
MEMBER 242
MEMBER 243
MEMBER 244
MEMBER 245
MEMBER 246
MEMBER 247
MEMBER 248
MEMBER 249
MEMBER 250
MEMBER 251
MEMBER 252
MEMBER 253
MEMBER 254
MEMBER 255
MEMBER 256
MEMBER 257
MEMBER 258
MEMBER 259
MEMBER 260
MEMBER 261
MEMBER 262
MEMBER 263
MEMBER 264
MEMBER 265
MEMBER 266
MEMBER 267
MEMBER 268
MEMBER 269
MEMBER 270
MEMBER 271
MEMBER 272
MEMBER 273
MEMBER 274
MEMBER 275
MEMBER 276
MEMBER 277
MEMBER 278
MEMBER 279
MEMBER 280
MEMBER 281
MEMBER 282
MEMBER 283
MEMBER 284
MEMBER 285
MEMBER 286
MEMBER 287
MEMBER 288
MEMBER 289
MEMBER 290
MEMBER 291
MEMBER 292
MEMBER 293
MEMBER 294
MEMBER 295
MEMBER 296
MEMBER 297
MEMBER 298
MEMBER 299
MEMBER 300
MEMBER 301
MEMBER 302
MEMBER 303
MEMBER 304
MEMBER 305
MEMBER 306
MEMBER 307
MEMBER 308
MEMBER 309
MEMBER 310
MEMBER 311
MEMBER 312
MEMBER 313
MEMBER 314
MEMBER 315
MEMBER 316
MEMBER 317
MEMBER 318
MEMBER 319
MEMBER 320
MEMBER 321
MEMBER 322
MEMBER 323
MEMBER 324
MEMBER 325
MEMBER 326
MEMBER 327
MEMBER 328
MEMBER 329
MEMBER 330
MEMBER 331
MEMBER 332
MEMBER 333
MEMBER 334
MEMBER 335
MEMBER 336
MEMBER 337
MEMBER 338
MEMBER 339
MEMBER 340
MEMBER 341
MEMBER 342
MEMBER 343
MEMBER 344
MEMBER 345
MEMBER 346
MEMBER 347
MEMBER 348
MEMBER 349
MEMBER 350
MEMBER 351
MEMBER 352
MEMBER 353
MEMBER 354
MEMBER 355
MEMBER 356
MEMBER 357
MEMBER 358
MEMBER 359
MEMBER 360
MEMBER 361
MEMBER 362
MEMBER 363
MEMBER 364
MEMBER 365
MEMBER 366
MEMBER 367
MEMBER 368
MEMBER 369
MEMBER 370
MEMBER 371
MEMBER 372
MEMBER 373
MEMBER 374
MEMBER 375
MEMBER 376
MEMBER 377
MEMBER 378
MEMBER 379
MEMBER 380
MEMBER 381
MEMBER 382
MEMBER 383
MEMBER 384
MEMBER 385
MEMBER 386
MEMBER 387
MEMBER 388
MEMBER 389
MEMBER 390
MEMBER 391
MEMBER 392
MEMBER 393
MEMBER 394
MEMBER 395
MEMBER 396
MEMBER 397
MEMBER 398
MEMBER 399
MEMBER 400
MEMBER 401
MEMBER 402
MEMBER 403
MEMBER 404
MEMBER 405
MEMBER 406
MEMBER 407
MEMBER 408
MEMBER 409
MEMBER 410
MEMBER 411
MEMBER 412
MEMBER 413
MEMBER 414
MEMBER 415
MEMBER 416
MEMBER 417
MEMBER 418
MEMBER 419
MEMBER 420
MEMBER 421
MEMBER 422
MEMBER 423
MEMBER 424
MEMBER 425
MEMBER 426
MEMBER 427
MEMBER 428
MEMBER 429
MEMBER 430
MEMBER 431
MEMBER 432
MEMBER 433
MEMBER 434
MEMBER 435
MEMBER 436
MEMBER 437
MEMBER 438
MEMBER 439
MEMBER 440
MEMBER 441
MEMBER 442
MEMBER 443
MEMBER 444
MEMBER 445
MEMBER 446
MEMBER 447
MEMBER 448
MEMBER 449
MEMBER 450
MEMBER 451
MEMBER 452
MEMBER 453
MEMBER 454
MEMBER 455
MEMBER 456
MEMBER 457
MEMBER 458
MEMBER 459
MEMBER 460
MEMBER 461
MEMBER 462
MEMBER 463
MEMBER 464
MEMBER 465
MEMBER 466
MEMBER 467
MEMBER 468
MEMBER 469
MEMBER 470
MEMBER 471
MEMBER 472
MEMBER 473
MEMBER 474
MEMBER 475
MEMBER 476
MEMBER 477
MEMBER 478
MEMBER 479
MEMBER 480
MEMBER 481
MEMBER 482
MEMBER 483
MEMBER 484
MEMBER 485
MEMBER 486
MEMBER 487
MEMBER 488
MEMBER 489
MEMBER 490
MEMBER 491
MEMBER 492
MEMBER 493
MEMBER 494
MEMBER 495
MEMBER 496
MEMBER 497
MEMBER 498
MEMBER 499
MEMBER 500
MEMBER 501
MEMBER 502
MEMBER 503
MEMBER 504
MEMBER 505
MEMBER 506
MEMBER 507
MEMBER 508
MEMBER 509
MEMBER 510
MEMBER 511
MEMBER 512
MEMBER 513
MEMBER 514
MEMBER 515
MEMBER 516
MEMBER 517
MEMBER 518
MEMBER 519
MEMBER 520
MEMBER 521
MEMBER 522
MEMBER 523
MEMBER 524
MEMBER 525
MEMBER 526
MEMBER 527
MEMBER 528
MEMBER 529
MEMBER 530
MEMBER 531
MEMBER 532
MEMBER 533
MEMBER 534
MEMBER 535
MEMBER 536
MEMBER 537
MEMBER 538
MEMBER 539
MEMBER 540
MEMBER 541
MEMBER 542
MEMBER 543
MEMBER 544
MEMBER 545
MEMBER 546
MEMBER 547
MEMBER 548
MEMBER 549
MEMBER 550
MEMBER 551
MEMBER 552
MEMBER 553
MEMBER 554
MEMBER 555
MEMBER 556
MEMBER 557
MEMBER 558
MEMBER 559
MEMBER 560
MEMBER 561
MEMBER 562
MEMBER 563
MEMBER 564
MEMBER 565
MEMBER 566
MEMBER 567
MEMBER 568
MEMBER 569
MEMBER 570
MEMBER 571
MEMBER 572
MEMBER 573
MEMBER 574
MEMBER 575
MEMBER 576
MEMBER 577
MEMBER 578
MEMBER 579
MEMBER 580
MEMBER 581
MEMBER 582
MEMBER 583
MEMBER 584
MEMBER 585
MEMBER 586
MEMBER 587
MEMBER 588
MEMBER 589
MEMBER 590
MEMBER 591
MEMBER 592
MEMBER 593
MEMBER 594
MEMBER 595
MEMBER 596
MEMBER 597
MEMBER 598
MEMBER 599
MEMBER 600
MEMBER 601
MEMBER 602
MEMBER 603
MEMBER 604
MEMBER 605
MEMBER 606
MEMBER 607
MEMBER 608
MEMBER 609
MEMBER 610
MEMBER 611
MEMBER 612
MEMBER 613
MEMBER 614
MEMBER 615
MEMBER 616
MEMBER 617
MEMBER 618
MEMBER 619
MEMBER 620
MEMBER 621
MEMBER 622
MEMBER 623
MEMBER 624
MEMBER 625
MEMBER 626
MEMBER 627
MEMBER 628
MEMBER 629
MEMBER 630
MEMBER 631
MEMBER 632
MEMBER 633
MEMBER 634
MEMBER 635
MEMBER 636
MEMBER 637
MEMBER 638
MEMBER 639
MEMBER 640
MEMBER 641
MEMBER 642
MEMBER 643
MEMBER 644
MEMBER 645
MEMBER 646
MEMBER 647
MEMBER 648
MEMBER 649
MEMBER 650
MEMBER 651
MEMBER 652
MEMBER 653
MEMBER 654
MEMBER 655
MEMBER 656
MEMBER 657
MEMBER 658
MEMBER 659
MEMBER 660
MEMBER 661
MEMBER 662
MEMBER 663
MEMBER 664
MEMBER 665
MEMBER 666
MEMBER 667
MEMBER 668
MEMBER 669
MEMBER 670
MEMBER 671
MEMBER 672
MEMBER 673
MEMBER 674
MEMBER 675
MEMBER 676
MEMBER 677
MEMBER 678
MEMBER 679
MEMBER 680
MEMBER 681
MEMBER 682
MEMBER 683
MEMBER 684
MEMBER 685
MEMBER 686
MEMBER 687
MEMBER 688
MEMBER 689
MEMBER 690
MEMBER 691
MEMBER 692
MEMBER 693
MEMBER 694
MEMBER 695
MEMBER 696
MEMBER 697
MEMBER 698
MEMBER 699
MEMBER 700
MEMBER 701
MEMBER 702
MEMBER 703
MEMBER 704
MEMBER 705
MEMBER 706
MEMBER 707
MEMBER 708
MEMBER 709
MEMBER 710
MEMBER 711
MEMBER 712
MEMBER 713
MEMBER 714
MEMBER 715
MEMBER 716
MEMBER 717
MEMBER 718
MEMBER 719
MEMBER 720
MEMBER 721
MEMBER 722
MEMBER 723
MEMBER 724
MEMBER 725
MEMBER 726
MEMBER 727
MEMBER 728
MEMBER 729
MEMBER 730
MEMBER 731
MEMBER 732
MEMBER 733
MEMBER 734
MEMBER 735
MEMBER 736
MEMBER 737
MEMBER 738
MEMBER 739
MEMBER 740
MEMBER 741
MEMBER 742
MEMBER 743
MEMBER 744
MEMBER 745
MEMBER 746
MEMBER 747
MEMBER 748
MEMBER 749
MEMBER 750
MEMBER 751
MEMBER 752
MEMBER 753
MEMBER 754
MEMBER 755
MEMBER 756
MEMBER 757
MEMBER 758
MEMBER 759
MEMBER 760
MEMBER 761
MEMBER 762
MEMBER 763
MEMBER 764
MEMBER 765
MEMBER 766
MEMBER 767
MEMBER 768
MEMBER 769
MEMBER 770
MEMBER 771
MEMBER 772
MEMBER 773
MEMBER 774
MEMBER 775
MEMBER 776
MEMBER 777
MEMBER 778
MEMBER 779
MEMBER 780
MEMBER 781
MEMBER 782
MEMBER 783
MEMBER 784
MEMBER 785
MEMBER 786
MEMBER 787
MEMBER 788
MEMBER 789
MEMBER 790
MEMBER 791
MEMBER 792
MEMBER 793
MEMBER 794
MEMBER 795
MEMBER 796
MEMBER 797
MEMBER 798
MEMBER 799
MEMBER 800
MEMBER 801
MEMBER 802
MEMBER 803
MEMBER 804
MEMBER 805
MEMBER 806
MEMBER 807
MEMBER 808
MEMBER 809
MEMBER 810
MEMBER 811
MEMBER 812
MEMBER 813
MEMBER 814
MEMBER 815
MEMBER 816
MEMBER 817
MEMBER 818
MEMBER 819
MEMBER 820
MEMBER 821
MEMBER 822
MEMBER 823
MEMBER 824
MEMBER 825
MEMBER 826
MEMBER 827
MEMBER 828
MEMBER 829
MEMBER 830
MEMBER 831
MEMBER 832
MEMBER 833
MEMBER 834
MEMBER 835
MEMBER 836
MEMBER 837
MEMBER 838
MEMBER 839
MEMBER 840
MEMBER 841
MEMBER 842
MEMBER 843
MEMBER 844
MEMBER 845
MEMBER 846
MEMBER 847
MEMBER 848
MEMBER 849
MEMBER 850
MEMBER 851
MEMBER 852
MEMBER 853
MEMBER 854
MEMBER 855
MEMBER 856
MEMBER 857
MEMBER 858
MEMBER 859
MEMBER 860
MEMBER 861
MEMBER 862
MEMBER 863
MEMBER 864
MEMBER 865
MEMBER 866
MEMBER 867
MEMBER 868
MEMBER 869
MEMBER 870
MEMBER 871
MEMBER 872
MEMBER 873
MEMBER 874
MEMBER 875
MEMBER 876
MEMBER 877
MEMBER 878
MEMBER 879
MEMBER 880
MEMBER 881
MEMBER 882
MEMBER 883
MEMBER 884
MEMBER 885
MEMBER 886
MEMBER 887
MEMBER 888
MEMBER 889
MEMBER 890
MEMBER 891
MEMBER 892
MEMBER 893
MEMBER 894
MEMBER 895
MEMBER 896
MEMBER 897
MEMBER 898
MEMBER 899
MEMBER 900
MEMBER 901
MEMBER 902
MEMBER 903
MEMBER 904
MEMBER 905
MEMBER 906
MEMBER 907
MEMBER 908
MEMBER 909
MEMBER 910
MEMBER 911
MEMBER 912
MEMBER 913
MEMBER 914
MEMBER 915
MEMBER 916
MEMBER 917
MEMBER 918
MEMBER 919
MEMBER 920
MEMBER 921
MEMBER 922
MEMBER 923
MEMBER 924
MEMBER 925
MEMBER 926
MEMBER 927
MEMBER 928
MEMBER 929
MEMBER 930
MEMBER 931
MEMBER 932
MEMBER 933
MEMBER 934
MEMBER 935
MEMBER 936
MEMBER 937
MEMBER 938
MEMBER 939
MEMBER 940
MEMBER 941
MEMBER 942
MEMBER 943
MEMBER 944
MEMBER 945
MEMBER 946
MEMBER 947
MEMBER 948
MEMBER 949
MEMBER 950
MEMBER 951
MEMBER 952
MEMBER 953
MEMBER 954
MEMBER 955
MEMBER 956
MEMBER 957
MEMBER 958
MEMBER 959
MEMBER 960
MEMBER 961
MEMBER 962
MEMBER 963
MEMBER 964
MEMBER 965
MEMBER 966
MEMBER 967
MEMBER 968
MEMBER 969
MEMBER 970
MEMBER 971
MEMBER 972
MEMBER 973
MEMBER 974
MEMBER 975
MEMBER 976
MEMBER 977
MEMBER 978
MEMBER 979
MEMBER 980
MEMBER 981
MEMBER 982
MEMBER 983
MEMBER 984
MEMBER 985
MEMBER 986
MEMBER 987
MEMBER 988
MEMBER 989
MEMBER 990
MEMBER 991
MEMBER 992
MEMBER 993
MEMBER 994
MEMBER 995
MEMBER 996
MEMBER 997
MEMBER 998
MEMBER 999
ABSENT
ABSENT
ABSENT
ABSENT
ABSENT
ABSENT
ABSENT
ABSENT
ABSENT
ABSENT
ABSENT
ABSENT
ABSENT
ABSENT
ABSENT
ABSENT
ABSENT
ABSENT
ABSENT
ABSENT
ABSENT
ABSENT
ABSENT
ABSENT
ABSENT
ABSENT
ABSENT
ABSENT
ABSENT
ABSENT
ABSENT
ABSENT
ABSENT
ABSENT
ABSENT
ABSENT
ABSENT
ABSENT
ABSENT
ABSENT
ABSENT
ABSENT
ABSENT
ABSENT
ABSENT
ABSENT
ABSENT
ABSENT
ABSENT
ABSENT
ABSENT
ABSENT
ABSENT
ABSENT
ABSENT
ABSENT
ABSENT
ABSENT
ABSENT
ABSENT
ABSENT
ABSENT
ABSENT
ABSENT
ABSENT
ABSENT
ABSENT
ABSENT
ABSENT
ABSENT
ABSENT
ABSENT
ABSENT
ABSENT
ABSENT
ABSENT
ABSENT
ABSENT
ABSENT
ABSENT
ABSENT
ABSENT
ABSENT
ABSENT
ABSENT
ABSENT
ABSENT
ABSENT
ABSENT
ABSENT
ABSENT
ABSENT
ABSENT
ABSENT
ABSENT
ABSENT
ABSENT
ABSENT
ABSENT
ABSENT
ABSENT
ABSENT
ABSENT
ABSENT
ABSENT
ABSENT
ABSENT
ABSENT
ABSENT
ABSENT
ABSENT
ABSENT
ABSENT
ABSENT
ABSENT
ABSENT
ABSENT
ABSENT
ABSENT
ABSENT
ABSENT
ABSENT
ABSENT
ABSENT
ABSENT
ABSENT
ABSENT
ABSENT
ABSENT
ABSENT
ABSENT
ABSENT
ABSENT
ABSENT
ABSENT
ABSENT
ABSENT
ABSENT
ABSENT
ABSENT
ABSENT
ABSENT
ABSENT
ABSENT
ABSENT
ABSENT
ABSENT
ABSENT
ABSENT
ABSENT
ABSENT
ABSENT
ABSENT
ABSENT
ABSENT
ABSENT
ABSENT
ABSENT
ABSENT
ABSENT
ABSENT
ABSENT
ABSENT
ABSENT
ABSENT
ABSENT
ABSENT
ABSENT
ABSENT
ABSENT
ABSENT
ABSENT
ABSENT
ABSENT
ABSENT
ABSENT
ABSENT
ABSENT
ABSENT
ABSENT
ABSENT
ABSENT
ABSENT
ABSENT
ABSENT
ABSENT
ABSENT
ABSENT
ABSENT
ABSENT
ABSENT
ABSENT
ABSENT
ABSENT
ABSENT
ABSENT
ABSENT
ABSENT
ABSENT
ABSENT
ABSENT
ABSENT
ABSENT
ABSENT
ABSENT
ABSENT
ABSENT
ABSENT
ABSENT
ABSENT
ABSENT
ABSENT
ABSENT
ABSENT
ABSENT
ABSENT
ABSENT
ABSENT
ABSENT
ABSENT
ABSENT
ABSENT
ABSENT
ABSENT
ABSENT
ABSENT
ABSENT
ABSENT
ABSENT
ABSENT
ABSENT
ABSENT
ABSENT
ABSENT
ABSENT
ABSENT
ABSENT
ABSENT
ABSENT
ABSENT
ABSENT
ABSENT
ABSENT
ABSENT
ABSENT
ABSENT
ABSENT
ABSENT
ABSENT
ABSENT
ABSENT
ABSENT
ABSENT
ABSENT
ABSENT
ABSENT
ABSENT
ABSENT
ABSENT
ABSENT
ABSENT
ABSENT
ABSENT
ABSENT
ABSENT
ABSENT
ABSENT
ABSENT
ABSENT
ABSENT
ABSENT
ABSENT
ABSENT
ABSENT
ABSENT
ABSENT
ABSENT
ABSENT
ABSENT
ABSENT
ABSENT
ABSENT
ABSENT
ABSENT
ABSENT
ABSENT
ABSENT
ABSENT
ABSENT
ABSENT
ABSENT
ABSENT
ABSENT
ABSENT
ABSENT
ABSENT
ABSENT
ABSENT
ABSENT
ABSENT
ABSENT
ABSENT
ABSENT
ABSENT
ABSENT
ABSENT
ABSENT
ABSENT
ABSENT
ABSENT
ABSENT
ABSENT
ABSENT
ABSENT
ABSENT
ABSENT
ABSENT
ABSENT
ABSENT
ABSENT
ABSENT
ABSENT
ABSENT
ABSENT
ABSENT
ABSENT
ABSENT
ABSENT
ABSENT
ABSENT
ABSENT
ABSENT
ABSENT
ABSENT
ABSENT
ABSENT
ABSENT
ABSENT
ABSENT
ABSENT
ABSENT
ABSENT
ABSENT
ABSENT
ABSENT
ABSENT
ABSENT
ABSENT
ABSENT
ABSENT
ABSENT
ABSENT
ABSENT
ABSENT
ABSENT
ABSENT
ABSENT
ABSENT
ABSENT
ABSENT
ABSENT
ABSENT
ABSENT
ABSENT
ABSENT
ABSENT
ABSENT
ABSENT
ABSENT
ABSENT
ABSENT
ABSENT
ABSENT
ABSENT
ABSENT
ABSENT
ABSENT
ABSENT
ABSENT
ABSENT
ABSENT
ABSENT
ABSENT
ABSENT
ABSENT
ABSENT
ABSENT
ABSENT
ABSENT
ABSENT
ABSENT
ABSENT
ABSENT
ABSENT
ABSENT
ABSENT
ABSENT
ABSENT
ABSENT
ABSENT
ABSENT
ABSENT
ABSENT
ABSENT
ABSENT
ABSENT
ABSENT
ABSENT
ABSENT
ABSENT
ABSENT
ABSENT
ABSENT
ABSENT
ABSENT
ABSENT
ABSENT
ABSENT
ABSENT
ABSENT
ABSENT
ABSENT
ABSENT
ABSENT
ABSENT
ABSENT
ABSENT
ABSENT
ABSENT
ABSENT
ABSENT
ABSENT
ABSENT
ABSENT
ABSENT
ABSENT
ABSENT
ABSENT
ABSENT
ABSENT
ABSENT
ABSENT
ABSENT
ABSENT
ABSENT
ABSENT
ABSENT
ABSENT
ABSENT
ABSENT
ABSENT
ABSENT
ABSENT
ABSENT
ABSENT
ABSENT
ABSENT
ABSENT
ABSENT
ABSENT
ABSENT
ABSENT
ABSENT
ABSENT
ABSENT
ABSENT
ABSENT
ABSENT
ABSENT
ABSENT
ABSENT
ABSENT
ABSENT
ABSENT
ABSENT
ABSENT
ABSENT
ABSENT
ABSENT
ABSENT
ABSENT
ABSENT
ABSENT
ABSENT
ABSENT
ABSENT
ABSENT
ABSENT
ABSENT
ABSENT
ABSENT
ABSENT
ABSENT
ABSENT
ABSENT
ABSENT
ABSENT
ABSENT
ABSENT
ABSENT
ABSENT
ABSENT
ABSENT
ABSENT
ABSENT
ABSENT
ABSENT
ABSENT
ABSENT
ABSENT
ABSENT
ABSENT
ABSENT
ABSENT
ABSENT
ABSENT
ABSENT
ABSENT
ABSENT
ABSENT
ABSENT
ABSENT
ABSENT
ABSENT
ABSENT
ABSENT
ABSENT
ABSENT
ABSENT
ABSENT
ABSENT
ABSENT
ABSENT
ABSENT
ABSENT
ABSENT
ABSENT
ABSENT
ABSENT
ABSENT
ABSENT
ABSENT
ABSENT
ABSENT
ABSENT
ABSENT
ABSENT
ABSENT
ABSENT
ABSENT
ABSENT
ABSENT
ABSENT
ABSENT
ABSENT
ABSENT
ABSENT
ABSENT
ABSENT
ABSENT
ABSENT
ABSENT
ABSENT
ABSENT
ABSENT
ABSENT
ABSENT
ABSENT
ABSENT
ABSENT
ABSENT
ABSENT
ABSENT
ABSENT
ABSENT
ABSENT
ABSENT
ABSENT
ABSENT
ABSENT
ABSENT
ABSENT
ABSENT
ABSENT
ABSENT
ABSENT
ABSENT
ABSENT
ABSENT
ABSENT
ABSENT
ABSENT
ABSENT
ABSENT
ABSENT
ABSENT
ABSENT
ABSENT
ABSENT
ABSENT
ABSENT
ABSENT
ABSENT
ABSENT
ABSENT
ABSENT
ABSENT
ABSENT
ABSENT
ABSENT
ABSENT
ABSENT
ABSENT
ABSENT
ABSENT
ABSENT
ABSENT
ABSENT
ABSENT
ABSENT
ABSENT
ABSENT
ABSENT
ABSENT
ABSENT
ABSENT
ABSENT
ABSENT
ABSENT
ABSENT
ABSENT
ABSENT
ABSENT
ABSENT
ABSENT
ABSENT
ABSENT
ABSENT
ABSENT
ABSENT
ABSENT
ABSENT
ABSENT
ABSENT
ABSENT
ABSENT
ABSENT
ABSENT
ABSENT
ABSENT
ABSENT
ABSENT
ABSENT
ABSENT
ABSENT
ABSENT
ABSENT
ABSENT
ABSENT
ABSENT
ABSENT
ABSENT
ABSENT
ABSENT
ABSENT
ABSENT
ABSENT
ABSENT
ABSENT
ABSENT
ABSENT
ABSENT
ABSENT
ABSENT
ABSENT
ABSENT
ABSENT
ABSENT
ABSENT
ABSENT
ABSENT
ABSENT
ABSENT
ABSENT
ABSENT
ABSENT
ABSENT
ABSENT
ABSENT
ABSENT
ABSENT
ABSENT
ABSENT
ABSENT
ABSENT
ABSENT
ABSENT
ABSENT
ABSENT
ABSENT
ABSENT
ABSENT
ABSENT
ABSENT
ABSENT
ABSENT
ABSENT
ABSENT
ABSENT
ABSENT
ABSENT
ABSENT
ABSENT
ABSENT
ABSENT
ABSENT
ABSENT
ABSENT
ABSENT
ABSENT
ABSENT
ABSENT
ABSENT
ABSENT
ABSENT
ABSENT
ABSENT
ABSENT
ABSENT
ABSENT
ABSENT
ABSENT
ABSENT
ABSENT
ABSENT
ABSENT
ABSENT
ABSENT
ABSENT
ABSENT
ABSENT
ABSENT
ABSENT
ABSENT
ABSENT
ABSENT
ABSENT
ABSENT
ABSENT
ABSENT
ABSENT
ABSENT
ABSENT
ABSENT
ABSENT
ABSENT
ABSENT
ABSENT
ABSENT
ABSENT
ABSENT
ABSENT
ABSENT
ABSENT
ABSENT
ABSENT
ABSENT
ABSENT
ABSENT
ABSENT
ABSENT
ABSENT
ABSENT
ABSENT
ABSENT
ABSENT
ABSENT
ABSENT
ABSENT
ABSENT
ABSENT
ABSENT
ABSENT
ABSENT
ABSENT
ABSENT
ABSENT
ABSENT
ABSENT
ABSENT
ABSENT
ABSENT
ABSENT
ABSENT
ABSENT
ABSENT
ABSENT
ABSENT
ABSENT
ABSENT
ABSENT
ABSENT
ABSENT
ABSENT
ABSENT
ABSENT
ABSENT
ABSENT
ABSENT
ABSENT
ABSENT
ABSENT
ABSENT
ABSENT
ABSENT
ABSENT
ABSENT
ABSENT
ABSENT
ABSENT
ABSENT
ABSENT
ABSENT
ABSENT
ABSENT
ABSENT
ABSENT
ABSENT
ABSENT
ABSENT
ABSENT
ABSENT
ABSENT
ABSENT
ABSENT
ABSENT
ABSENT
ABSENT
ABSENT
ABSENT
ABSENT
ABSENT
ABSENT
ABSENT
ABSENT
ABSENT
ABSENT
ABSENT
ABSENT
ABSENT
ABSENT
ABSENT
ABSENT
ABSENT
ABSENT
ABSENT
ABSENT
ABSENT
ABSENT
ABSENT
ABSENT
ABSENT
ABSENT
ABSENT
ABSENT
ABSENT
ABSENT
ABSENT
ABSENT
ABSENT
ABSENT
ABSENT
ABSENT
ABSENT
ABSENT
ABSENT
ABSENT
ABSENT
ABSENT
ABSENT
ABSENT
ABSENT
ABSENT
ABSENT
ABSENT
ABSENT
ABSENT
ABSENT
ABSENT
ABSENT
ABSENT
ABSENT
ABSENT
ABSENT
ABSENT
ABSENT
ABSENT
ABSENT
ABSENT
ABSENT
ABSENT
ABSENT
ABSENT
ABSENT
ABSENT
ABSENT
ABSENT
ABSENT
ABSENT
ABSENT
ABSENT
ABSENT
ABSENT
ABSENT
ABSENT
ABSENT
ABSENT
ABSENT
ABSENT
ABSENT
ABSENT
ABSENT
ABSENT
ABSENT
ABSENT
ABSENT
ABSENT
ABSENT
ABSENT
ABSENT
ABSENT
ABSENT
ABSENT
ABSENT
ABSENT
ABSENT
ABSENT
ABSENT
ABSENT
ABSENT
ABSENT
ABSENT
ABSENT
ABSENT
ABSENT
ABSENT
ABSENT
ABSENT
ABSENT
ABSENT
ABSENT
ABSENT
ABSENT
ABSENT
ABSENT
ABSENT
ABSENT
ABSENT
ABSENT
ABSENT
ABSENT
ABSENT
ABSENT
ABSENT
ABSENT
ABSENT
ABSENT
ABSENT
ABSENT
ABSENT
ABSENT
ABSENT
ABSENT
ABSENT
ABSENT
ABSENT
ABSENT
ABSENT
ABSENT
ABSENT
ABSENT
ABSENT
ABSENT
ABSENT
ABSENT
ABSENT
ABSENT
ABSENT
ABSENT
ABSENT
ABSENT
ABSENT
ABSENT
ABSENT
ABSENT
ABSENT
ABSENT
ABSENT
ABSENT
ABSENT
